[www.devsnews.com/template/neeha/neeha/index-5.html]
[backblue.gif]
[fade.gif]
[index.html]
[www.devsnews.com/template/neeha/neeha/assets/images/favicon.png]
[www.devsnews.com/template/neeha/neeha/assets/css/aos.css]
[www.devsnews.com/template/neeha/neeha/assets/css/bootstrap.min.css]
[www.devsnews.com/template/neeha/neeha/assets/css/animate.min.css]
[www.devsnews.com/template/neeha/neeha/assets/css/flaticon.css]
[www.devsnews.com/template/neeha/neeha/assets/css/fontawesome.min.css]
[www.devsnews.com/template/neeha/neeha/assets/css/magnific-popup.css]
[www.devsnews.com/template/neeha/neeha/assets/css/meanmenu.css]
[www.devsnews.com/template/neeha/neeha/assets/css/owl.carousel.min.css]
[www.devsnews.com/template/neeha/neeha/assets/css/slick.css]
[www.devsnews.com/template/neeha/neeha/assets/css/custom-animation.css]
[www.devsnews.com/template/neeha/neeha/assets/css/style.css]
[www.devsnews.com/template/neeha/neeha/assets/css/responsive.css]
[www.devsnews.com/template/neeha/neeha/index.html]
[www.devsnews.com/template/neeha/neeha/assets/images/logo/white-logo.png]
[www.devsnews.com/template/neeha/neeha/index-2.html]
[www.devsnews.com/template/neeha/neeha/index-3.html]
[www.devsnews.com/template/neeha/neeha/index-4.html]
[www.devsnews.com/template/neeha/neeha/about-details.html]
[www.devsnews.com/template/neeha/neeha/company-history.html]
[www.devsnews.com/template/neeha/neeha/why-choose-us.html]
[www.devsnews.com/template/neeha/neeha/business-solutions.html]
[www.devsnews.com/template/neeha/neeha/cyber-security.html]
[www.devsnews.com/template/neeha/neeha/it-solutions.html]
[www.devsnews.com/template/neeha/neeha/software-dev.html]
[www.devsnews.com/template/neeha/neeha/case-study-01.html]
[www.devsnews.com/template/neeha/neeha/case-study-02.html]
[www.devsnews.com/template/neeha/neeha/case-study-03.html]
[www.devsnews.com/template/neeha/neeha/case-details.html]
[www.devsnews.com/template/neeha/neeha/blog-grid.html]
[www.devsnews.com/template/neeha/neeha/blog-standard.html]
[www.devsnews.com/template/neeha/neeha/blog-details.html]
[www.devsnews.com/template/neeha/neeha/price.html]
[www.devsnews.com/template/neeha/neeha/team.html]
[www.devsnews.com/template/neeha/neeha/faq.html]
[www.devsnews.com/template/neeha/neeha/careers.html]
[www.devsnews.com/template/neeha/neeha/contacts.html]
[www.devsnews.com/template/neeha/neeha/assets/images/hero/h5-hero-img1.jpg]
[www.devsnews.com/template/neeha/neeha/assets/images/hero/h5-hero-img2.jpg]
[www.devsnews.com/template/neeha/neeha/assets/images/sponsor/sponsor1.png]
[www.devsnews.com/template/neeha/neeha/assets/images/sponsor/sponsor2.png]
[www.devsnews.com/template/neeha/neeha/assets/images/sponsor/sponsor3.png]
[www.devsnews.com/template/neeha/neeha/assets/images/sponsor/sponsor4.png]
[www.devsnews.com/template/neeha/neeha/assets/images/sponsor/sponsor5.png]
[www.devsnews.com/template/neeha/neeha/assets/images/sponsor/sponsor6.png]
[www.devsnews.com/template/neeha/neeha/assets/images/img/about-thumb-h5.jpg]
[www.devsnews.com/template/neeha/neeha/assets/images/shape/about-circle-shape.png]
[www.devsnews.com/template/neeha/neeha/assets/images/img/who-thumb1.jpg]
[www.devsnews.com/template/neeha/neeha/assets/images/shape/who-thumb-shape.png]
[www.devsnews.com/template/neeha/neeha/assets/images/img/who-thumb2.jpg]
[www.devsnews.com/template/neeha/neeha/assets/images/shape/service-h5-shape1.png]
[www.devsnews.com/template/neeha/neeha/assets/images/shape/service-h5-shape2.png]
[www.devsnews.com/template/neeha/neeha/assets/images/img/team-thumb-1.jpg]
[www.devsnews.com/template/neeha/neeha/assets/images/img/team-thumb-2.jpg]
[www.devsnews.com/template/neeha/neeha/assets/images/img/team-thumb-3.jpg]
[www.devsnews.com/template/neeha/neeha/assets/images/img/team-thumb-4.jpg]
[www.devsnews.com/template/neeha/neeha/assets/images/shape/consult-shape1.png]
[www.devsnews.com/template/neeha/neeha/assets/images/shape/consult-shape2.png]
[www.devsnews.com/template/neeha/neeha/assets/images/project/project-2.jpg]
[www.devsnews.com/template/neeha/neeha/assets/images/project/project-3.jpg]
[www.devsnews.com/template/neeha/neeha/assets/images/project/project-4.jpg]
[www.devsnews.com/template/neeha/neeha/assets/images/project/project-1.jpg]
[www.devsnews.com/template/neeha/neeha/assets/images/img/stastics__bg__h5.jpg]
[www.devsnews.com/template/neeha/neeha/assets/images/img/review-img.jpg]
[www.devsnews.com/template/neeha/neeha/assets/images/img/review.png]
[www.devsnews.com/template/neeha/neeha/assets/images/blog/blog-thumb-h3-1.jpg]
[www.devsnews.com/template/neeha/neeha/assets/images/blog/blog-thumb-h3-2.jpg]
[www.devsnews.com/template/neeha/neeha/assets/images/blog/blog-thumb-h5-1.jpg]
[www.devsnews.com/template/neeha/neeha/assets/images/blog/blog-thumb-h5-2.jpg]
[www.devsnews.com/template/neeha/neeha/assets/images/logo/logo.png]
[www.devsnews.com/template/neeha/neeha/assets/images/blog/blog-small-thumb1.jpg]
[www.devsnews.com/template/neeha/neeha/assets/images/blog/blog-small-thumb2.jpg]
[www.devsnews.com/template/neeha/neeha/assets/js/vendor/jquery-1.12.4.min.js]
[www.devsnews.com/template/neeha/neeha/assets/js/popper.min.js]
[www.devsnews.com/template/neeha/neeha/assets/js/bootstrap.min.js]
[www.devsnews.com/template/neeha/neeha/assets/js/ajax-form.js]
[www.devsnews.com/template/neeha/neeha/assets/js/imagesloaded.pkgd.min.js]
[www.devsnews.com/template/neeha/neeha/assets/js/isotope.pkgd.min.js]
[www.devsnews.com/template/neeha/neeha/assets/js/jquery.meanmenu.min.js]
[www.devsnews.com/template/neeha/neeha/assets/js/owl.carousel.min.js]
[www.devsnews.com/template/neeha/neeha/assets/js/jquery.magnific-popup.min.js]
[www.devsnews.com/template/neeha/neeha/assets/js/slick.min.js]
[www.devsnews.com/template/neeha/neeha/assets/js/wow.min.js]
[www.devsnews.com/template/neeha/neeha/assets/js/tilt.jquery.js]
[www.devsnews.com/template/neeha/neeha/assets/js/aos.js]
[www.devsnews.com/template/neeha/neeha/assets/js/jquery.paroller.min.js]
[www.devsnews.com/template/neeha/neeha/assets/js/jquery.waypoints.min.js]
[www.devsnews.com/template/neeha/neeha/assets/js/jquery.counterup.min.js]
[www.devsnews.com/template/neeha/neeha/assets/js/plugins.js]
[www.devsnews.com/template/neeha/neeha/index-5.html]
[www.devsnews.com/template/neeha/neeha/assets/css/bootstrap.min.css]
[www.devsnews.com/template/neeha/neeha/assets/css/aos.css]
[www.devsnews.com/template/neeha/neeha/assets/css/animate.min.css]
[www.devsnews.com/template/neeha/neeha/assets/js/main.js]
[www.devsnews.com/template/neeha/neeha/assets/fonts/fa-brands-400.eot]
[www.devsnews.com/template/neeha/neeha/assets/fonts/fa-brands-400d41d.eot]
[www.devsnews.com/template/neeha/neeha/assets/fonts/fa-brands-400.woff]
[www.devsnews.com/template/neeha/neeha/assets/fonts/fa-brands-400.ttf]
[www.devsnews.com/template/neeha/neeha/assets/fonts/fa-duotone-900.eot]
[www.devsnews.com/template/neeha/neeha/assets/fonts/fa-duotone-900d41d.eot]
[www.devsnews.com/template/neeha/neeha/assets/fonts/fa-duotone-900.woff]
[www.devsnews.com/template/neeha/neeha/assets/fonts/fa-duotone-900.ttf]
[www.devsnews.com/template/neeha/neeha/assets/fonts/fa-light-300.eot]
[www.devsnews.com/template/neeha/neeha/assets/fonts/fa-light-300d41d.eot]
[www.devsnews.com/template/neeha/neeha/assets/fonts/fa-light-300.woff]
[www.devsnews.com/template/neeha/neeha/assets/fonts/fa-light-300.ttf]
[www.devsnews.com/template/neeha/neeha/assets/fonts/fa-regular-400.eot]
[www.devsnews.com/template/neeha/neeha/assets/fonts/fa-regular-400d41d.eot]
[www.devsnews.com/template/neeha/neeha/assets/fonts/fa-regular-400.woff]
[www.devsnews.com/template/neeha/neeha/assets/fonts/fa-regular-400.ttf]
[www.devsnews.com/template/neeha/neeha/assets/fonts/fa-solid-900.eot]
[www.devsnews.com/template/neeha/neeha/assets/fonts/fa-solid-900d41d.eot]
[www.devsnews.com/template/neeha/neeha/assets/fonts/fa-solid-900.woff]
[www.devsnews.com/template/neeha/neeha/assets/fonts/fa-solid-900.ttf]
[www.devsnews.com/template/neeha/neeha/assets/css/fontawesome.min.css]
[www.devsnews.com/template/neeha/neeha/assets/fonts/Flaticon.eot]
[www.devsnews.com/template/neeha/neeha/assets/fonts/Flaticond41d.eot]
[www.devsnews.com/template/neeha/neeha/assets/fonts/Flaticon.woff]
[www.devsnews.com/template/neeha/neeha/assets/fonts/Flaticon.ttf]
[www.devsnews.com/template/neeha/neeha/assets/css/flaticon.css]
[www.devsnews.com/template/neeha/neeha/assets/css/magnific-popup.css]
[www.devsnews.com/template/neeha/neeha/assets/css/meanmenu.css]
[www.devsnews.com/template/neeha/neeha/assets/css/owl.carousel.min.css]
[www.devsnews.com/template/neeha/neeha/assets/css/slick.css]
[www.devsnews.com/template/neeha/neeha/assets/css/custom-animation.css]
[www.devsnews.com/template/neeha/neeha/assets/fonts/CerebriSans-SemiBold.eot]
[www.devsnews.com/template/neeha/neeha/assets/fonts/CerebriSans-SemiBoldd41d.eot]
[www.devsnews.com/template/neeha/neeha/assets/fonts/CerebriSans-SemiBold.woff]
[www.devsnews.com/template/neeha/neeha/assets/fonts/CerebriSans-Regular.eot]
[www.devsnews.com/template/neeha/neeha/assets/fonts/CerebriSans-Regulard41d.eot]
[www.devsnews.com/template/neeha/neeha/assets/fonts/CerebriSans-Regular.woff]
[www.devsnews.com/template/neeha/neeha/assets/fonts/CerebriSans-Bold.eot]
[www.devsnews.com/template/neeha/neeha/assets/fonts/CerebriSans-Boldd41d.eot]
[www.devsnews.com/template/neeha/neeha/assets/fonts/CerebriSans-Bold.woff]
[www.devsnews.com/template/neeha/neeha/assets/fonts/CerebriSans-Light.eot]
[www.devsnews.com/template/neeha/neeha/assets/fonts/CerebriSans-Lightd41d.eot]
[www.devsnews.com/template/neeha/neeha/assets/fonts/CerebriSans-Light.woff]
[www.devsnews.com/template/neeha/neeha/assets/fonts/CerebriSans-Medium.eot]
[www.devsnews.com/template/neeha/neeha/assets/fonts/CerebriSans-Mediumd41d.eot]
[www.devsnews.com/template/neeha/neeha/assets/fonts/CerebriSans-Medium.woff]
[www.devsnews.com/template/neeha/neeha/assets/images/shape/work-separate-shape.png]
[www.devsnews.com/template/neeha/neeha/assets/css/style.css]
[www.devsnews.com/template/neeha/neeha/assets/css/responsive.css]
[www.devsnews.com/template/neeha/neeha/assets/images/shape/dot-line-shape.png]
[www.devsnews.com/template/neeha/neeha/assets/images/icon/flag.png]
[www.devsnews.com/template/neeha/neeha/assets/images/hero/hero-bg-1.jpg]
[www.devsnews.com/template/neeha/neeha/assets/images/hero/hero-bg-2.jpg]
[www.devsnews.com/template/neeha/neeha/assets/images/shape/feature-dot-shape.png]
[www.devsnews.com/template/neeha/neeha/assets/images/img/feature-img-1.png]
[www.devsnews.com/template/neeha/neeha/assets/images/shape/services-line-shape.png]
[www.devsnews.com/template/neeha/neeha/assets/images/img/services-man.png]
[www.devsnews.com/template/neeha/neeha/assets/images/shape/services-man-bg-shape.png]
[www.devsnews.com/template/neeha/neeha/assets/images/shape/services-ball-shape.png]
[www.devsnews.com/template/neeha/neeha/assets/images/img/Histroy-left-thumb-1.jpg]
[www.devsnews.com/template/neeha/neeha/assets/images/shape/histroy-shape-right.png]
[www.devsnews.com/template/neeha/neeha/assets/images/img/history-what-we-do-thumb.jpg]
[www.devsnews.com/template/neeha/neeha/assets/images/shape/contact-helps.png]
[www.devsnews.com/template/neeha/neeha/assets/images/img/contacts.png]
[www.devsnews.com/template/neeha/neeha/assets/images/shape/st-shape1.png]
[www.devsnews.com/template/neeha/neeha/assets/images/shape/st-shape2.png]
[www.devsnews.com/template/neeha/neeha/assets/images/blog/blog-img-1.jpg]
[www.devsnews.com/template/neeha/neeha/assets/images/blog/blog-img-2.jpg]
[www.devsnews.com/template/neeha/neeha/assets/images/blog/blog-img-3.jpg]
[www.devsnews.com/template/neeha/neeha/index.html]
[www.devsnews.com/template/neeha/neeha/assets/images/shape/hero-shape-h2.png]
[www.devsnews.com/template/neeha/neeha/assets/images/shape/h2-hero-shape1.png]
[www.devsnews.com/template/neeha/neeha/assets/images/shape/h2-hero-shape2.png]
[www.devsnews.com/template/neeha/neeha/assets/images/shape/h2-hero-shape3.png]
[www.devsnews.com/template/neeha/neeha/assets/images/shape/h2-hero-shape4.png]
[www.devsnews.com/template/neeha/neeha/assets/images/img/hero-img-h2.png]
[www.devsnews.com/template/neeha/neeha/assets/images/img/wwa.png]
[www.devsnews.com/template/neeha/neeha/assets/images/service/services-thumb-h2-1.jpg]
[www.devsnews.com/template/neeha/neeha/assets/images/service/services-thumb-h2-2.jpg]
[www.devsnews.com/template/neeha/neeha/assets/images/service/services-thumb-h2-3.jpg]
[www.devsnews.com/template/neeha/neeha/assets/images/shape/contacts_shape_bg.png]
[www.devsnews.com/template/neeha/neeha/assets/images/shape/help-ma-bg.png]
[www.devsnews.com/template/neeha/neeha/assets/images/img/help-thumb-1.png]
[www.devsnews.com/template/neeha/neeha/assets/images/team/team-thumb-h2-1.jpg]
[www.devsnews.com/template/neeha/neeha/assets/images/team/team-thumb-h2-3.jpg]
[www.devsnews.com/template/neeha/neeha/assets/images/team/team-thumb-h2-2.jpg]
[www.devsnews.com/template/neeha/neeha/assets/images/team/team-thumb-h2-4.jpg]
[www.devsnews.com/template/neeha/neeha/assets/images/review/review-thumb-h2-1.jpg]
[www.devsnews.com/template/neeha/neeha/assets/images/review/review-thumb-h2-2.jpg]
[www.devsnews.com/template/neeha/neeha/assets/images/review/review-thumb-h2-3.jpg]
[www.devsnews.com/template/neeha/neeha/assets/images/img/consult-bg.jpg]
[www.devsnews.com/template/neeha/neeha/index-2.html]
[www.devsnews.com/template/neeha/neeha/assets/images/hero/hero-h3-bg.jpg]
[www.devsnews.com/template/neeha/neeha/assets/images/img/about-thumb-h3.png]
[www.devsnews.com/template/neeha/neeha/assets/images/shape/what-we-do-h3-line1.png]
[www.devsnews.com/template/neeha/neeha/assets/images/shape/what-we-do-h3-line2.png]
[www.devsnews.com/template/neeha/neeha/assets/images/service/case-1.jpg]
[www.devsnews.com/template/neeha/neeha/assets/images/service/case-2.jpg]
[www.devsnews.com/template/neeha/neeha/assets/images/service/case-3.jpg]
[www.devsnews.com/template/neeha/neeha/assets/images/shape/price-shape.png]
[www.devsnews.com/template/neeha/neeha/assets/images/blog/blog-thumb-h3-3.jpg]
[www.devsnews.com/template/neeha/neeha/assets/images/shape/contact-map-bg-h3.png]
[www.devsnews.com/template/neeha/neeha/assets/images/sponsor/sponsors-h3-1.png]
[www.devsnews.com/template/neeha/neeha/assets/images/sponsor/sponsors-h3-2.png]
[www.devsnews.com/template/neeha/neeha/assets/images/sponsor/sponsors-h3-3.png]
[www.devsnews.com/template/neeha/neeha/assets/images/sponsor/sponsors-h3-4.png]
[www.devsnews.com/template/neeha/neeha/assets/images/sponsor/sponsors-h3-5.png]
[www.devsnews.com/template/neeha/neeha/index-3.html]
[www.devsnews.com/template/neeha/neeha/assets/images/instagram/01.jpg]
[www.devsnews.com/template/neeha/neeha/assets/images/instagram/02.jpg]
[www.devsnews.com/template/neeha/neeha/assets/images/instagram/03.jpg]
[www.devsnews.com/template/neeha/neeha/assets/images/instagram/04.jpg]
[www.devsnews.com/template/neeha/neeha/assets/images/instagram/05.jpg]
[www.devsnews.com/template/neeha/neeha/assets/images/instagram/06.jpg]
[www.devsnews.com/template/neeha/neeha/assets/images/overlay/h4-overlay-img.png]
[www.devsnews.com/template/neeha/neeha/assets/images/img/skills-thumb.png]
[www.devsnews.com/template/neeha/neeha/assets/images/shape/wwd-shape.png]
[www.devsnews.com/template/neeha/neeha/assets/images/shape/wwd-squre-shape.png]
[www.devsnews.com/template/neeha/neeha/assets/images/img/wwd1.jpg]
[www.devsnews.com/template/neeha/neeha/assets/images/img/wwd2.jpg]
[www.devsnews.com/template/neeha/neeha/assets/images/img/wwd3.jpg]
[www.devsnews.com/template/neeha/neeha/assets/images/img/person.jpg]
[www.devsnews.com/template/neeha/neeha/assets/images/img/best-feature.jpg]
[www.devsnews.com/template/neeha/neeha/assets/images/icon/h4-quotes-icon.png]
[www.devsnews.com/template/neeha/neeha/assets/images/review/review-h4-thumb-1.png]
[www.devsnews.com/template/neeha/neeha/assets/images/img/map.jpg]
[www.devsnews.com/template/neeha/neeha/assets/images/icon/map-loc-icon.png]
[www.devsnews.com/template/neeha/neeha/assets/images/img/footer-bg-h4.png]
[www.devsnews.com/template/neeha/neeha/assets/js/jquery.knob.js]
[www.devsnews.com/template/neeha/neeha/assets/js/jquery.appear.js]
[www.devsnews.com/template/neeha/neeha/index-4.html]
[www.devsnews.com/template/neeha/neeha/assets/images/img/about_thumb.png]
[www.devsnews.com/template/neeha/neeha/assets/images/img/about-img-ex2.jpg]
[www.devsnews.com/template/neeha/neeha/assets/images/img/about-service1.jpg]
[www.devsnews.com/template/neeha/neeha/assets/images/img/about-service2.jpg]
[www.devsnews.com/template/neeha/neeha/assets/images/img/about-service3.jpg]
[www.devsnews.com/template/neeha/neeha/assets/images/img/consult-right-thumb-ex.png]
[www.devsnews.com/template/neeha/neeha/assets/images/shape/rev-shape-ex.png]
[www.devsnews.com/template/neeha/neeha/about-details.html]
[www.devsnews.com/template/neeha/neeha/assets/images/history/history-thumb-1.jpg]
[www.devsnews.com/template/neeha/neeha/assets/images/history/history-thumb-2.jpg]
[www.devsnews.com/template/neeha/neeha/assets/images/history/history-thumb-3.jpg]
[www.devsnews.com/template/neeha/neeha/assets/images/history/history-thumb-4.jpg]
[www.devsnews.com/template/neeha/neeha/assets/images/history/history-thumb-5.jpg]
[www.devsnews.com/template/neeha/neeha/assets/images/history/history-thumb-6.jpg]
[www.devsnews.com/template/neeha/neeha/company-history.html]
[www.devsnews.com/template/neeha/neeha/why-choose-us.html]
[www.devsnews.com/template/neeha/neeha/assets/images/img/Histroy-left-thumb-2.jpg]
[www.devsnews.com/template/neeha/neeha/assets/images/img/Histroy-left-thumb-3.jpg]
[www.devsnews.com/template/neeha/neeha/business-solutions.html]
[www.devsnews.com/template/neeha/neeha/cyber-security.html]
[www.devsnews.com/template/neeha/neeha/assets/images/img/contact-bg.jpg]
[www.devsnews.com/template/neeha/neeha/it-solutions.html]
[www.devsnews.com/template/neeha/neeha/assets/images/shape/service-shape1.png]
[www.devsnews.com/template/neeha/neeha/assets/images/img/wwd4.jpg]
[www.devsnews.com/template/neeha/neeha/assets/images/img/wwd5.jpg]
[www.devsnews.com/template/neeha/neeha/assets/images/img/wwd6.jpg]
[www.devsnews.com/template/neeha/neeha/software-dev.html]
[www.devsnews.com/template/neeha/neeha/assets/images/case/case-thumb-1.jpg]
[www.devsnews.com/template/neeha/neeha/assets/images/case/case-thumb-2.jpg]
[www.devsnews.com/template/neeha/neeha/assets/images/case/case-thumb-3.jpg]
[www.devsnews.com/template/neeha/neeha/assets/images/case/case-thumb-4.jpg]
[www.devsnews.com/template/neeha/neeha/assets/images/case/case-thumb-5.jpg]
[www.devsnews.com/template/neeha/neeha/assets/images/case/case-thumb-6.jpg]
[www.devsnews.com/template/neeha/neeha/assets/images/case/case-thumb-7.jpg]
[www.devsnews.com/template/neeha/neeha/assets/images/case/case-thumb-8.jpg]
[www.devsnews.com/template/neeha/neeha/assets/images/case/case-thumb-9.jpg]
[www.devsnews.com/template/neeha/neeha/case-study-01.html]
[www.devsnews.com/template/neeha/neeha/case-study-02.html]
[www.devsnews.com/template/neeha/neeha/case-study-03.html]
[www.devsnews.com/template/neeha/neeha/assets/images/case/case-details-thumb.jpg]
[www.devsnews.com/template/neeha/neeha/assets/images/case/case-details-thumb-2.jpg]
[www.devsnews.com/template/neeha/neeha/assets/images/case/case-details-thumb-3.jpg]
[www.devsnews.com/template/neeha/neeha/assets/images/case/case-details-small-thumb-1.jpg]
[www.devsnews.com/template/neeha/neeha/assets/images/case/case-details-small-thumb-2.jpg]
[www.devsnews.com/template/neeha/neeha/case-details.html]
[www.devsnews.com/template/neeha/neeha/assets/images/blog/blog-img-4.jpg]
[www.devsnews.com/template/neeha/neeha/assets/images/blog/blog-img-5.jpg]
[www.devsnews.com/template/neeha/neeha/assets/images/blog/blog-img-6.jpg]
[www.devsnews.com/template/neeha/neeha/assets/images/blog/blog-img-7.jpg]
[www.devsnews.com/template/neeha/neeha/assets/images/blog/blog-img-8.jpg]
[www.devsnews.com/template/neeha/neeha/assets/images/blog/blog-img-9.jpg]
[www.devsnews.com/template/neeha/neeha/blog-grid.html]
[www.devsnews.com/template/neeha/neeha/assets/images/blog/blog-thumb-h3-4.jpg]
[www.devsnews.com/template/neeha/neeha/assets/images/blog/blog-thumb-h3-5.jpg]
[www.devsnews.com/template/neeha/neeha/assets/images/blog/blog-thumb-h3-6.jpg]
[www.devsnews.com/template/neeha/neeha/assets/images/blog/blog-thumb-h3-7.jpg]
[www.devsnews.com/template/neeha/neeha/assets/images/blog/blog-thumb-h3-8.jpg]
[www.devsnews.com/template/neeha/neeha/assets/images/blog/blog-small-1.jpg]
[www.devsnews.com/template/neeha/neeha/assets/images/blog/blog-small-2.jpg]
[www.devsnews.com/template/neeha/neeha/assets/images/blog/blog-small-3.jpg]
[www.devsnews.com/template/neeha/neeha/assets/images/blog/blog-banner.jpg]
[www.devsnews.com/template/neeha/neeha/blog-standard.html]
[www.devsnews.com/template/neeha/neeha/assets/images/blog/author.png]
[www.devsnews.com/template/neeha/neeha/assets/images/blog/comments1.png]
[www.devsnews.com/template/neeha/neeha/assets/images/blog/comments2.png]
[www.devsnews.com/template/neeha/neeha/blog-details.html]
[www.devsnews.com/template/neeha/neeha/price.html]
[www.devsnews.com/template/neeha/neeha/assets/images/img/team-thumb-5.jpg]
[www.devsnews.com/template/neeha/neeha/assets/images/img/team-thumb-6.jpg]
[www.devsnews.com/template/neeha/neeha/assets/images/img/team-thumb-7.jpg]
[www.devsnews.com/template/neeha/neeha/assets/images/img/team-thumb-8.jpg]
[www.devsnews.com/template/neeha/neeha/team.html]
[www.devsnews.com/template/neeha/neeha/assets/images/img/card-thumb.jpg]
[www.devsnews.com/template/neeha/neeha/faq.html]
[www.devsnews.com/template/neeha/neeha/careers.html]
[www.devsnews.com/template/neeha/neeha/contacts.html]
[www.devsnews.com/template/neeha/neeha/about.html]
[www.devsnews.com/template/neeha/neeha/project-details.html]
[www.devsnews.com/template/neeha/neeha/assets/fonts/fa-brands-400.html]
[www.devsnews.com/template/neeha/neeha/assets/fonts/fa-brands-400.svg]
[www.devsnews.com/template/neeha/neeha/assets/fonts/fa-duotone-900.html]
[www.devsnews.com/template/neeha/neeha/assets/fonts/fa-duotone-900.svg]
[www.devsnews.com/template/neeha/neeha/assets/fonts/fa-light-300.html]
[www.devsnews.com/template/neeha/neeha/assets/fonts/fa-light-300.svg]
[www.devsnews.com/template/neeha/neeha/assets/fonts/fa-regular-400.html]
[www.devsnews.com/template/neeha/neeha/assets/fonts/fa-regular-400.svg]
[www.devsnews.com/template/neeha/neeha/assets/fonts/fa-solid-900.html]
[www.devsnews.com/template/neeha/neeha/assets/fonts/fa-solid-900.svg]
[www.devsnews.com/template/neeha/neeha/assets/fonts/Flaticon.html]
[www.devsnews.com/template/neeha/neeha/assets/fonts/Flaticon.svg]
[www.devsnews.com/template/neeha/neeha/assets/css/Flaticon.html]
[www.devsnews.com/template/neeha/neeha/assets/css/owl.video.play.html]
[www.devsnews.com/template/neeha/neeha/assets/fonts/CerebriSans-SemiBold.html]
[www.devsnews.com/template/neeha/neeha/assets/fonts/CerebriSans-Regular.html]
[www.devsnews.com/template/neeha/neeha/assets/fonts/CerebriSans-Bold.html]
[www.devsnews.com/template/neeha/neeha/assets/fonts/CerebriSans-Light.html]
[www.devsnews.com/template/neeha/neeha/assets/fonts/CerebriSans-Medium.html]
[www.devsnews.com/template/neeha/neeha/software-dev-2.html]
[www.devsnews.com/template/neeha/neeha/assets/img/icon/arrow.html]
